[16:39:21] [ServerMain/INFO]: [bootstrap] Running Java 25 (OpenJDK 64-Bit Server VM 25.0.4.1+1-LTS; Eclipse Adoptium Temurin-25.0.4.1+1) on Windows 11 10.0 (amd64)
[16:39:21] [ServerMain/INFO]: [bootstrap] Loading Paper 26.2-123-main@5001879 (2026-09-09T17:32:22Z) for Minecraft 26.2
[16:39:21] [ServerMain/INFO]: [PluginInitializerManager] Initializing plugins...
[16:39:21] [ServerMain/INFO]: [PluginInitializerManager] Initialized 1 plugin
[16:39:21] [ServerMain/INFO]: [PluginInitializerManager] Bukkit plugins (1):
 - ChoidMod (1.0)
[16:39:26] [DataConverter MCTypeRegistry init thread/INFO]: [ca.spottedleaf.dataconverter.minecraft.datatypes.MCTypeRegistry] Initialising converters for DataConverter...
[16:39:26] [ServerMain/INFO]: Environment: Environment[sessionHost=https://sessionserver.mojang.com, servicesHost=https://api.minecraftservices.com, profilesHost=https://api.mojang.com, name=PROD]
[16:39:27] [DataConverter MCTypeRegistry init thread/INFO]: [ca.spottedleaf.dataconverter.minecraft.datatypes.MCTypeRegistry] Finished initialising converters for DataConverter in 579.5ms
[16:39:27] [ServerMain/WARN]: [WorldFolderMigration] ===================== ! ALERT ! =====================
[16:39:27] [ServerMain/WARN]: [WorldFolderMigration] World storage migration is required during startup.
[16:39:27] [ServerMain/WARN]: [WorldFolderMigration] If you do not have a backup: interrupt the server now. Use Ctrl+C, your panel kill function, etc.
[16:39:27] [ServerMain/WARN]: [WorldFolderMigration] =====================================================
[16:39:27] [ServerMain/WARN]: [WorldFolderMigration] Continuing in 30 seconds...
[16:39:57] [ServerMain/INFO]: [WorldFolderMigration] Continuing with startup world migration.
[16:39:57] [ServerMain/INFO]: Starting upgrade for world "world"
[16:39:57] [ServerMain/INFO]: Upgrading progress: 0%
[16:39:57] [ServerMain/INFO]: File system capabilities: FileSystemCapabilities[atomicMove=true, hardLinks=true]
[16:39:57] [ServerMain/INFO]: Applying file structure changes for world "world"
[16:39:57] [ServerMain/INFO]: Moving new hardlinked world to top level
[16:39:57] [ServerMain/INFO]: Start cleanup
[16:39:57] [ServerMain/INFO]: Moving out old world folder
[16:39:57] [ServerMain/INFO]: Moving in new world folder
[16:39:57] [ServerMain/INFO]: Done applying file structure changes for world "world". Cleaning up outdated data...
[16:39:57] [ServerMain/INFO]: Upgrade done for world "world"
[16:39:58] [Worker-Main-6/INFO]: [VanillaWorldMigration] Starting Vanilla import for world 'world' (minecraft:overworld)
[16:39:58] [Worker-Main-6/INFO]: [WorldMigrationSupport] Migrating Paper world config from .\world\paper-world.yml to .\world\dimensions\minecraft\overworld\paper-world.yml
[16:39:58] [Worker-Main-6/INFO]: [VanillaWorldMigration] Completed Vanilla import for world 'world' (minecraft:overworld)
[16:39:59] [ServerMain/INFO]: Loaded 1585 recipes
[16:39:59] [ServerMain/INFO]: Loaded 1688 advancements
[16:39:59] [Server thread/INFO]: Starting minecraft server version 26.2
[16:39:59] [Server thread/INFO]: Loading properties
[16:39:59] [Server thread/INFO]: This server is running Paper version 26.2-123-main@5001879 (2026-09-09T17:32:22Z) (Implementing API version 26.2.build.123-stable)
[16:39:59] [Server thread/INFO]: [spark] This server bundles the spark profiler. For more information please visit https://docs.papermc.io/paper/profiling
[16:39:59] [Server thread/INFO]: Server Ping Player Sample Count: 12
[16:39:59] [Server thread/INFO]: Using 4 threads for Netty based IO
[16:40:00] [Server thread/INFO]: [MoonriseCommon] Paper is using 4 worker threads, 1 I/O threads
[16:40:00] [Server thread/INFO]: Default game type: SURVIVAL
[16:40:00] [Server thread/INFO]: Generating keypair
[16:40:00] [Server thread/INFO]: Starting Minecraft server on *:25565
[16:40:00] [Server thread/INFO]: Paper: Using Java compression from Velocity.
[16:40:00] [Server thread/INFO]: Paper: Using Java cipher from Velocity.
[16:40:00] [Server thread/INFO]: [ChoidMod] Loading server plugin ChoidMod v1.0
[16:40:00] [Server thread/INFO]: Server permissions file permissions.yml is empty, ignoring it
[16:40:00] [Server thread/INFO]: Preparing level "world"
[16:40:00] [Server thread/INFO]: [LegacyCraftBukkitWorldMigration] Starting legacy CraftBukkit import for world 'world_nether' (minecraft:the_nether)
[16:40:00] [Server thread/INFO]: [WorldMigrationSupport] Migrating world directory from .\world_nether\DIM-1\region to .\world\dimensions\minecraft\the_nether\region
[16:40:00] [Server thread/INFO]: [WorldMigrationSupport] Migrating Paper world config from .\world_nether\paper-world.yml to .\world\dimensions\minecraft\the_nether\paper-world.yml
[16:40:00] [Server thread/INFO]: Starting upgrade for world "world_nether"
[16:40:01] [Server thread/INFO]: Upgrading progress: 0%
[16:40:01] [Server thread/INFO]: File system capabilities: FileSystemCapabilities[atomicMove=true, hardLinks=true]
[16:40:01] [Server thread/INFO]: Applying file structure changes for world "world_nether"
[16:40:01] [Server thread/INFO]: Moving new hardlinked world to top level
[16:40:01] [Server thread/INFO]: Start cleanup
[16:40:01] [Server thread/INFO]: Moving out old world folder
[16:40:01] [Server thread/INFO]: Moving in new world folder
[16:40:01] [Server thread/INFO]: Done applying file structure changes for world "world_nether". Cleaning up outdated data...
[16:40:01] [Server thread/INFO]: Upgrade done for world "world_nether"
[16:40:01] [Server thread/INFO]: [LegacyCraftBukkitWorldMigration] Completed legacy CraftBukkit import for world 'world_nether' (minecraft:the_nether)
[16:40:01] [Server thread/INFO]: [LegacyCraftBukkitWorldMigration] Starting legacy CraftBukkit import for world 'world_the_end' (minecraft:the_end)
[16:40:01] [Server thread/INFO]: [WorldMigrationSupport] Migrating world directory from .\world_the_end\DIM1\region to .\world\dimensions\minecraft\the_end\region
[16:40:01] [Server thread/INFO]: [WorldMigrationSupport] Migrating Paper world config from .\world_the_end\paper-world.yml to .\world\dimensions\minecraft\the_end\paper-world.yml
[16:40:01] [Server thread/INFO]: Starting upgrade for world "world_the_end"
[16:40:01] [Server thread/INFO]: Upgrading progress: 0%
[16:40:01] [Server thread/INFO]: File system capabilities: FileSystemCapabilities[atomicMove=true, hardLinks=true]
[16:40:01] [Server thread/INFO]: Applying file structure changes for world "world_the_end"
[16:40:01] [Server thread/INFO]: Moving new hardlinked world to top level
[16:40:01] [Server thread/INFO]: Start cleanup
[16:40:01] [Server thread/INFO]: Moving out old world folder
[16:40:01] [Server thread/INFO]: Moving in new world folder
[16:40:01] [Server thread/INFO]: Done applying file structure changes for world "world_the_end". Cleaning up outdated data...
[16:40:01] [Server thread/INFO]: Upgrade done for world "world_the_end"
[16:40:01] [Server thread/INFO]: [LegacyCraftBukkitWorldMigration] Completed legacy CraftBukkit import for world 'world_the_end' (minecraft:the_end)
[16:40:01] [Server thread/INFO]: Loading 0 persistent chunks for level 'minecraft:overworld'...
[16:40:01] [Server thread/INFO]: Preparing spawn area: 100%
[16:40:01] [Server thread/INFO]: Prepared spawn area in 4 ms
[16:40:01] [Server thread/INFO]: Loading 0 persistent chunks for level 'minecraft:the_nether'...
[16:40:01] [Server thread/INFO]: Prepared spawn area in 0 ms
[16:40:01] [Server thread/INFO]: Loading 0 persistent chunks for level 'minecraft:the_end'...
[16:40:01] [Server thread/INFO]: Preparing spawn area: 100%
[16:40:01] [Server thread/INFO]: Prepared spawn area in 1 ms
[16:40:01] [Server thread/INFO]: Done preparing level "world" (0.894s)
[16:40:01] [Server thread/INFO]: [ChoidMod] Enabling ChoidMod v1.0
[16:40:01] [Server thread/INFO]: Hawk tuah!
[16:40:01] [Server thread/INFO]: [spark] Starting background profiler...
[16:40:01] [Server thread/INFO]: [spark] The async-profiler engine is not supported for your os/arch (windows11/amd64), so the built-in Java engine will be used instead.
[16:40:01] [Server thread/INFO]: Saving chunks for level 'ServerLevel[world]'/minecraft:overworld
[16:40:01] [Server thread/INFO]: Saving chunks for level 'ServerLevel[world]'/minecraft:the_nether
[16:40:01] [Server thread/INFO]: Saving chunks for level 'ServerLevel[world]'/minecraft:the_end
[16:40:01] [Server thread/INFO]: ThreadedAnvilChunkStorage (world): All chunks are saved
[16:40:01] [Server thread/INFO]: ThreadedAnvilChunkStorage (DIM-1): All chunks are saved
[16:40:01] [Server thread/INFO]: ThreadedAnvilChunkStorage (DIM1): All chunks are saved
[16:40:01] [Server thread/INFO]: ThreadedAnvilChunkStorage: All dimensions are saved
[16:40:01] [Server thread/INFO]: Running delayed init tasks
[16:40:01] [Server thread/INFO]: Done (41.424s)! For help, type "help"
[16:42:01] [User Authenticator #0/INFO]: UUID of player MeowMeowMeowie is 78c5564d-4961-46c2-a4ff-1bb8a925b576
[16:42:05] [Server thread/INFO]: MeowMeowMeowie joined the game
[16:42:05] [Server thread/INFO]: MeowMeowMeowie[/127.0.0.1:52899] logged in with entity id 34 at ([minecraft:overworld]-144.5, 67.0, 4.5)
[16:42:09] [Server thread/WARN]: [ca.spottedleaf.moonrise.patches.chunk_system.level.entity.EntityLookup] Entity uuid already exists: ba601990-f4df-476a-a4b1-1ee25398dd3e, mapped to Cow['Cow'/194, uuid='ba601990-f4df-476a-a4b1-1ee25398dd3e', l='ServerLevel[world]', x=-135.00, y=67.00, z=120.00, cpos=[-9, 7], tl=0, v=false], can't add Pig['Pig'/197, uuid='ba601990-f4df-476a-a4b1-1ee25398dd3e', l='ServerLevel[world]', x=-50.00, y=63.00, z=-77.00, cpos=[-4, -5], tl=0, v=false]
[16:42:33] [Server thread/INFO]: Villager Villager['Villager'/22, uuid='c04410e9-5294-4df5-9975-240353774a64', l='ServerLevel[world]', x=-177.50, y=57.05, z=52.50, cpos=[-12, 3], tl=500, v=true] died, message: 'Villager drowned'
[16:42:50] [Server thread/INFO]: MeowMeowMeowie lost connection: Disconnected
[16:42:50] [Server thread/INFO]: MeowMeowMeowie left the game
